Microchip MPLAB XC8 Compiler V2.46

Linker command line:

-W-3 \
  --edf=D:\Programming\Microchip\xc8\v2.46\pic\dat\20240104201356_en.msgs \
  -cn -h+dist/default/production\Application.X.production.sym \
  --cmf=dist/default/production\Application.X.production.cmf -z -Q18F46K20 \
  -oC:\Users\elsae\AppData\Local\Temp\xcAs13qs.\driver_tmp_3.o \
  --defsym=__MPLAB_BUILD=1 --fixupoverflow=error \
  -Mdist/default/production/Application.X.production.map \
  --md=C:\Users\elsae\AppData\Local\Temp\xcAs13qs.\driver_tmp_0.dat -E1 \
  -ver=XC8 Compiler --acfsm=1493 -ACODE=00h-0FFFFh -ACONST=00h-0FFFFh \
  -ASMALLCONST=01000h-010FFhx240 -AMEDIUMCONST=01000h-0FFFFh \
  -ACOMRAM=01h-05Fh -AABS1=00h-0F5Fh -ABIGRAM=01h-0F5Fh \
  -ARAM=060h-0FFh,0100h-01FFhx14,0F00h-0F5Fh -ABANK0=060h-0FFh \
  -ABANK1=0100h-01FFh -ABANK2=0200h-02FFh -ABANK3=0300h-03FFh \
  -ABANK4=0400h-04FFh -ABANK5=0500h-05FFh -ABANK6=0600h-06FFh \
  -ABANK7=0700h-07FFh -ABANK8=0800h-08FFh -ABANK9=0900h-09FFh \
  -ABANK10=0A00h-0AFFh -ABANK11=0B00h-0BFFh -ABANK12=0C00h-0CFFh \
  -ABANK13=0D00h-0DFFh -ABANK14=0E00h-0EFFh -ABANK15=0F00h-0F5Fh \
  -ASFR=0F60h-0FFFh -ABIGSFR=0F60h-0FFFh -ACONFIG=0300000h-030000Dh \
  -AIDLOC=0200000h-0200007h -AEEDATA=0F00000h-0F003FFh -peeprom_data=EEDATA \
  -preset_vec=00h,intcode=8h,intcodelo=18h,powerup,init -pramtop=01000h \
  -psmallconst=SMALLCONST -pmediumconst=MEDIUMCONST -pconst=CONST \
  -AFARRAM=00h-00h \
  -prdata=COMRAM,nvrram=COMRAM,nvbit=COMRAM,rbss=COMRAM,rbit=COMRAM \
  -pfarbss=FARRAM,fardata=FARRAM,nvFARRAM=FARRAM \
  -pintsave_regs=BIGRAM,bigbss=BIGRAM,bigdata=BIGRAM -pbss=RAM \
  -pidata=CODE,irdata=CODE,ibigdata=CODE,ifardata=CODE -prparam=COMRAM \
  C:\Users\elsae\AppData\Local\Temp\xcAs13qs.\driver_tmp_9.o \
  dist/default/production\Application.X.production.o 

Object code version is 3.11

Machine type is 18F46K20



                Name                               Link     Load   Length Selector   Space Scale
C:\Users\elsae\AppData\Local\Temp\xcAs13qs.\driver_tmp_9.o
                config                           300000   300000        E        0       4
                init                                2A6      2A6        4        C       0
                reset_vec                             0        0        4        0       0
dist/default/production\Application.X.production.o
                intcodelo                            18       18      28E        C       0
                intcode                               8        8        6        4       0
                config                           300000   300000        E        0       4
                temp                                 4C       4C        1        1       1
                smallconst                         1000     1000        2      800       0
                text30                             1A10     1A10        4      801       0
                text29                             1A0C     1A0C        4      801       0
                intcode_body                       190A     190A       44      801       0
                text27                             1A08     1A08        4      801       0
                text26                             1002     1002      166      801       0
                text25                             17AA     17AA       6A      801       0
                text24                             1740     1740       6A      801       0
                text23                             19FA     19FA        A      801       0
                text22                             19F0     19F0        A      801       0
                text21                             19E6     19E6        A      801       0
                text20                             19DC     19DC        A      801       0
                text19                             19D2     19D2        A      801       0
                text18                             19C8     19C8        A      801       0
                text17                             19BE     19BE        A      801       0
                text16                             19B4     19B4        A      801       0
                text15                             1660     1660       76      801       0
                text14                             15EA     15EA       76      801       0
                text13                             1574     1574       76      801       0
                text12                             14FE     14FE       76      801       0
                text10                             198C     198C       1C      801       0
                text9                              1168     1168      118      801       0
                text8                              18C0     18C0       4A      801       0
                text7                              1368     1368       9C      801       0
                text6                              16D6     16D6       6A      801       0
                text5                              1280     1280       E8      801       0
                text4                              186E     186E       52      801       0
                text3                              1A04     1A04        4      801       0
                text2                              19A8     19A8        C      801       0
                text1                              1488     1488       76      801       0
                text0                              1404     1404       84      801       0
                cstackCOMRAM                         37       37       15        1       1
                cstackBANK0                          82       82        F       60       1
                dataBANK0                            60       60       22       60       1
                dataCOMRAM                            1        1       1C        1       1
                bssCOMRAM                            1D       1D       1A        1       1
                cinit                              1814     1814       5A      801       0
                idataBANK0                         194E     194E       22      801       0
                idataCOMRAM                        1970     1970       1C      801       0

TOTAL           Name                               Link     Load   Length     Space
        CLASS   CODE           
                intcodelo                            18       18      28E         0
                intcode                               8        8        6         0
                init                                2A6      2A6        4         0
                reset_vec                             0        0        4         0
                text30                             1A10     1A10        4         0
                text29                             1A0C     1A0C        4         0
                intcode_body                       190A     190A       44         0
                text27                             1A08     1A08        4         0
                text26                             1002     1002      166         0
                text25                             17AA     17AA       6A         0
                text24                             1740     1740       6A         0
                text23                             19FA     19FA        A         0
                text22                             19F0     19F0        A         0
                text21                             19E6     19E6        A         0
                text20                             19DC     19DC        A         0
                text19                             19D2     19D2        A         0
                text18                             19C8     19C8        A         0
                text17                             19BE     19BE        A         0
                text16                             19B4     19B4        A         0
                text15                             1660     1660       76         0
                text14                             15EA     15EA       76         0
                text13                             1574     1574       76         0
                text12                             14FE     14FE       76         0
                text10                             198C     198C       1C         0
                text9                              1168     1168      118         0
                text8                              18C0     18C0       4A         0
                text7                              1368     1368       9C         0
                text6                              16D6     16D6       6A         0
                text5                              1280     1280       E8         0
                text4                              186E     186E       52         0
                text3                              1A04     1A04        4         0
                text2                              19A8     19A8        C         0
                text1                              1488     1488       76         0
                text0                              1404     1404       84         0
                cinit                              1814     1814       5A         0
                idataBANK0                         194E     194E       22         0
                idataCOMRAM                        1970     1970       1C         0

        CLASS   CONST          

        CLASS   SMALLCONST     
                smallconst                         1000     1000        2         0

        CLASS   MEDIUMCONST    

        CLASS   COMRAM         
                temp                                 4C       4C        1         1
                cstackCOMRAM                         37       37       15         1
                dataCOMRAM                            1        1       1C         1
                bssCOMRAM                            1D       1D       1A         1

        CLASS   ABS1           

        CLASS   BIGRAM         

        CLASS   RAM            

        CLASS   BANK0          
                cstackBANK0                          82       82        F         1
                dataBANK0                            60       60       22         1

        CLASS   BANK1          

        CLASS   BANK2          

        CLASS   BANK3          

        CLASS   BANK4          

        CLASS   BANK5          

        CLASS   BANK6          

        CLASS   BANK7          

        CLASS   BANK8          

        CLASS   BANK9          

        CLASS   BANK10         

        CLASS   BANK11         

        CLASS   BANK12         

        CLASS   BANK13         

        CLASS   BANK14         

        CLASS   BANK15         

        CLASS   SFR            

        CLASS   BIGSFR         

        CLASS   CONFIG         
                config                           300000   300000        E         4

        CLASS   IDLOC          

        CLASS   EEDATA         

        CLASS   FARRAM         

        CLASS   HEAP           

        CLASS   STACK          



SEGMENTS        Name                           Load    Length   Top    Selector   Space  Class

                reset_vec                      000000  000004  000004         0       0  CODE    
                dataCOMRAM                     000001  00004C  00004D         1       1  COMRAM  
                intcode                        000008  000006  00000E         4       0  CODE    
                intcodelo                      000018  000292  0002AA         C       0  CODE    
                dataBANK0                      000060  000031  000091        60       1  BANK0   
                smallconst                     001000  000002  001002       800       0  SMALLCON
                text26                         001002  000A12  001A14       801       0  CODE    


UNUSED ADDRESS RANGES

        Name                Unused          Largest block    Delta
        BANK0            000091-0000FF               6F
        BANK1            000100-0001FF              100
        BANK10           000A00-000AFF              100
        BANK11           000B00-000BFF              100
        BANK12           000C00-000CFF              100
        BANK13           000D00-000DFF              100
        BANK14           000E00-000EFF              100
        BANK15           000F00-000F5F               60
        BANK2            000200-0002FF              100
        BANK3            000300-0003FF              100
        BANK4            000400-0004FF              100
        BANK5            000500-0005FF              100
        BANK6            000600-0006FF              100
        BANK7            000700-0007FF              100
        BANK8            000800-0008FF              100
        BANK9            000900-0009FF              100
        BIGRAM           00004D-00005F               13
                         000091-000F5F              ECF
        BIGSFR           000F60-000FFF               A0
        CODE             000004-000007                4
                         00000E-000017                A
                         0002AA-000FFF              D56
                         001A14-00FFFF             E5EC
        COMRAM           00004D-00005F               13
        CONST            000004-000007                4
                         00000E-000017                A
                         0002AA-000FFF              D56
                         001A14-00FFFF             E5EC
        EEDATA           F00000-F003FF              400
        IDLOC            200000-200007                8
        MEDIUMCONST      001A14-00FFFF             E5EC
        RAM              000091-000F5F              100
        SFR              000F60-000FFF               A0
        SMALLCONST       001A14-00FFFF              100

                                  Symbol Table

Interrupt_RBx_Enable@int_obj                 cstackBANK0  000082
Interrupt_RBx_Init@int_obj                   cstackBANK0  00008E
Interrupt_RBx_Init@ret                       cstackBANK0  00008F
Interrupt_RBx_Pin_Init@int_obj               cstackBANK0  00008C
Interrupt_RBx_Pin_Init@ret                   cstackBANK0  00008D
Interrupt_RBx_Priority_Init@int_obj          cstackBANK0  000082
Interrupt_RBx_Priority_Init@ret              cstackBANK0  000084
Interrupt_RBx_Set_Interrupt_Handler@int_obj  cstackBANK0  000082
Interrupt_RBx_Set_Interrupt_Handler@ret      cstackBANK0  000083
RB4_ISR@source                               cstackCOMRAM 000042
RB5_ISR@source                               cstackCOMRAM 000042
RB6_ISR@source                               cstackCOMRAM 000042
RB7_ISR@source                               cstackCOMRAM 000042
_INT0_INTERRUPT_HANDLER                      bssCOMRAM    000031
_INT0_ISR                                    text30       001A10
_INT1_INTERRUPT_HANDLER                      bssCOMRAM    00002F
_INT1_ISR                                    text27       001A08
_INT2_INTERRUPT_HANDLER                      bssCOMRAM    00002D
_INT2_ISR                                    text29       001A0C
_INTCON2bits                                 (abs)        000FF1
_INTCON3bits                                 (abs)        000FF0
_INTCONbits                                  (abs)        000FF2
_Interrupt_Manager_High                      intcode      000008
_Interrupt_Manager_Low                       intcodelo    000018
_Interrupt_RBx_Enable                        text10       00198C
_Interrupt_RBx_Init                          text4        00186E
_Interrupt_RBx_Pin_Init                      text7        001368
_Interrupt_RBx_Priority_Init                 text6        0016D6
_Interrupt_RBx_Set_Interrupt_Handler         text5        001280
_LATA                                        (abs)        000F89
_LATB                                        (abs)        000F8A
_LATC                                        (abs)        000F8B
_LATD                                        (abs)        000F8C
_LATE                                        (abs)        000F8D
_PORTA                                       (abs)        000F80
_PORTB                                       (abs)        000F81
_PORTBbits                                   (abs)        000F81
_PORTC                                       (abs)        000F82
_PORTD                                       (abs)        000F83
_PORTE                                       (abs)        000F84
_RB4_Flag                                    dataCOMRAM   000018
_RB4_INT_APP_ISR_HIGH                        text22       0019F0
_RB4_INT_APP_ISR_LOW                         text21       0019E6
_RB4_ISR                                     text15       001660
_RB4_ISRS                                    bssCOMRAM    000029
_RB4_obj                                     dataBANK0    00007C
_RB5_Flag                                    dataCOMRAM   000017
_RB5_INT_APP_ISR_HIGH                        text20       0019DC
_RB5_INT_APP_ISR_LOW                         text19       0019D2
_RB5_ISR                                     text14       0015EA
_RB5_ISRS                                    bssCOMRAM    000025
_RB5_obj                                     dataBANK0    000076
_RB6_Flag                                    dataCOMRAM   000016
_RB6_INT_APP_ISR_HIGH                        text18       0019C8
_RB6_INT_APP_ISR_LOW                         text17       0019BE
_RB6_ISR                                     text13       001574
_RB6_ISRS                                    bssCOMRAM    000021
_RB6_obj                                     dataBANK0    000070
_RB7_Flag                                    dataCOMRAM   000015
_RB7_INT_APP_ISR_HIGH                        text16       0019B4
_RB7_INT_APP_ISR_LOW                         text23       0019FA
_RB7_ISR                                     text12       0014FE
_RB7_ISRS                                    bssCOMRAM    00001D
_RB7_obj                                     dataBANK0    00006A
_RCONbits                                    (abs)        000FD0
_TRISA                                       (abs)        000F92
_TRISB                                       (abs)        000F93
_TRISC                                       (abs)        000F94
_TRISD                                       (abs)        000F95
_TRISE                                       (abs)        000F96
__HRAM                                       (abs)        000000
__H__absolute__                              __absolute__ 000000
__Habs1                                      abs1         000000
__Hbank0                                     bank0        000000
__Hbank1                                     bank1        000000
__Hbank10                                    bank10       000000
__Hbank11                                    bank11       000000
__Hbank12                                    bank12       000000
__Hbank13                                    bank13       000000
__Hbank14                                    bank14       000000
__Hbank15                                    bank15       000000
__Hbank2                                     bank2        000000
__Hbank3                                     bank3        000000
__Hbank4                                     bank4        000000
__Hbank5                                     bank5        000000
__Hbank6                                     bank6        000000
__Hbank7                                     bank7        000000
__Hbank8                                     bank8        000000
__Hbank9                                     bank9        000000
__Hbigbss                                    bigbss       000000
__Hbigdata                                   bigdata      000000
__Hbigram                                    bigram       000000
__Hbigsfr                                    bigsfr       000000
__Hbss                                       bss          000000
__HbssCOMRAM                                 bssCOMRAM    000000
__Hcinit                                     cinit        000000
__Hclrtext                                   clrtext      000000
__Hcomram                                    comram       000000
__Hconfig                                    config       30000E
__Hconst                                     const        000000
__HcstackBANK0                               cstackBANK0  000000
__HcstackCOMRAM                              cstackCOMRAM 000000
__Hdata                                      data         000000
__HdataBANK0                                 dataBANK0    000000
__HdataCOMRAM                                dataCOMRAM   000000
__Heeprom_data                               eeprom_data  000000
__Hfarbss                                    farbss       000000
__Hfardata                                   fardata      000000
__Hheap                                      heap         000000
__Hibigdata                                  ibigdata     000000
__Hidata                                     idata        000000
__HidataBANK0                                idataBANK0   000000
__HidataCOMRAM                               idataCOMRAM  000000
__Hidloc                                     idloc        000000
__Hifardata                                  ifardata     000000
__Hinit                                      init         0002AA
__Hintcode                                   intcode      00000E
__Hintcode_body                              intcode_body 000000
__Hintcodelo                                 intcodelo    0002A6
__Hintentry                                  intentry     000000
__Hintret                                    intret       000000
__Hintsave_regs                              intsave_regs 000000
__Hirdata                                    irdata       000000
__Hmediumconst                               mediumconst  000000
__HnvFARRAM                                  nvFARRAM     000000
__Hnvbit                                     nvbit        000000
__Hnvrram                                    nvrram       000000
__Hparam                                     rparam       000000
__Hpowerup                                   powerup      0002A6
__Hram                                       ram          000000
__Hramtop                                    ramtop       001000
__Hrbit                                      rbit         000000
__Hrbss                                      rbss         000000
__Hrdata                                     rdata        000000
__Hreset_vec                                 reset_vec    000004
__Hrparam                                    rparam       000000
__Hsfr                                       sfr          000000
__Hsivt_hi                                   sivt_hi      000000
__Hsivt_lo                                   sivt_lo      000000
__Hsmallconst                                smallconst   001002
__Hspace_0                                   (abs)        001A14
__Hspace_1                                   (abs)        000091
__Hspace_2                                   (abs)        000000
__Hspace_4                                   (abs)        60000E
__Hstack                                     stack        000000
__Hstruct                                    struct       000000
__Htemp                                      temp         00004D
__Htext                                      text         000000
__Htext0                                     text0        000000
__Htext1                                     text1        000000
__Htext10                                    text10       000000
__Htext12                                    text12       000000
__Htext13                                    text13       000000
__Htext14                                    text14       000000
__Htext15                                    text15       000000
__Htext16                                    text16       000000
__Htext17                                    text17       000000
__Htext18                                    text18       000000
__Htext19                                    text19       000000
__Htext2                                     text2        000000
__Htext20                                    text20       000000
__Htext21                                    text21       000000
__Htext22                                    text22       000000
__Htext23                                    text23       000000
__Htext24                                    text24       000000
__Htext25                                    text25       000000
__Htext26                                    text26       000000
__Htext27                                    text27       000000
__Htext29                                    text29       000000
__Htext3                                     text3        000000
__Htext30                                    text30       000000
__Htext4                                     text4        000000
__Htext5                                     text5        000000
__Htext6                                     text6        000000
__Htext7                                     text7        000000
__Htext8                                     text8        000000
__Htext9                                     text9        000000
__LRAM                                       (abs)        000001
__L__absolute__                              __absolute__ 000000
__Labs1                                      abs1         000000
__Lbank0                                     bank0        000000
__Lbank1                                     bank1        000000
__Lbank10                                    bank10       000000
__Lbank11                                    bank11       000000
__Lbank12                                    bank12       000000
__Lbank13                                    bank13       000000
__Lbank14                                    bank14       000000
__Lbank15                                    bank15       000000
__Lbank2                                     bank2        000000
__Lbank3                                     bank3        000000
__Lbank4                                     bank4        000000
__Lbank5                                     bank5        000000
__Lbank6                                     bank6        000000
__Lbank7                                     bank7        000000
__Lbank8                                     bank8        000000
__Lbank9                                     bank9        000000
__Lbigbss                                    bigbss       000000
__Lbigdata                                   bigdata      000000
__Lbigram                                    bigram       000000
__Lbigsfr                                    bigsfr       000000
__Lbss                                       bss          000000
__LbssCOMRAM                                 bssCOMRAM    000000
__Lcinit                                     cinit        000000
__Lclrtext                                   clrtext      000000
__Lcomram                                    comram       000000
__Lconfig                                    config       000000
__Lconst                                     const        000000
__LcstackBANK0                               cstackBANK0  000000
__LcstackCOMRAM                              cstackCOMRAM 000000
__Ldata                                      data         000000
__LdataBANK0                                 dataBANK0    000000
__LdataCOMRAM                                dataCOMRAM   000000
__Leeprom_data                               eeprom_data  000000
__Lfarbss                                    farbss       000000
__Lfardata                                   fardata      000000
__Lheap                                      heap         000000
__Libigdata                                  ibigdata     000000
__Lidata                                     idata        000000
__LidataBANK0                                idataBANK0   000000
__LidataCOMRAM                               idataCOMRAM  000000
__Lidloc                                     idloc        000000
__Lifardata                                  ifardata     000000
__Linit                                      init         0002A6
__Lintcode                                   intcode      000008
__Lintcode_body                              intcode_body 000000
__Lintcodelo                                 intcodelo    000018
__Lintentry                                  intentry     000000
__Lintret                                    intret       000000
__Lintsave_regs                              intsave_regs 000000
__Lirdata                                    irdata       000000
__Lmediumconst                               mediumconst  000000
__LnvFARRAM                                  nvFARRAM     000000
__Lnvbit                                     nvbit        000000
__Lnvrram                                    nvrram       000000
__Lparam                                     rparam       000000
__Lpowerup                                   powerup      0002A6
__Lram                                       ram          000000
__Lramtop                                    ramtop       001000
__Lrbit                                      rbit         000000
__Lrbss                                      rbss         000000
__Lrdata                                     rdata        000000
__Lreset_vec                                 reset_vec    000000
__Lrparam                                    rparam       000000
__Lsfr                                       sfr          000000
__Lsivt_hi                                   sivt_hi      000000
__Lsivt_lo                                   sivt_lo      000000
__Lsmallconst                                smallconst   001000
__Lspace_0                                   (abs)        000000
__Lspace_1                                   (abs)        000000
__Lspace_2                                   (abs)        000000
__Lspace_4                                   (abs)        000000
__Lstack                                     stack        000000
__Lstruct                                    struct       000000
__Ltemp                                      temp         00004C
__Ltext                                      text         000000
__Ltext0                                     text0        000000
__Ltext1                                     text1        000000
__Ltext10                                    text10       000000
__Ltext12                                    text12       000000
__Ltext13                                    text13       000000
__Ltext14                                    text14       000000
__Ltext15                                    text15       000000
__Ltext16                                    text16       000000
__Ltext17                                    text17       000000
__Ltext18                                    text18       000000
__Ltext19                                    text19       000000
__Ltext2                                     text2        000000
__Ltext20                                    text20       000000
__Ltext21                                    text21       000000
__Ltext22                                    text22       000000
__Ltext23                                    text23       000000
__Ltext24                                    text24       000000
__Ltext25                                    text25       000000
__Ltext26                                    text26       000000
__Ltext27                                    text27       000000
__Ltext29                                    text29       000000
__Ltext3                                     text3        000000
__Ltext30                                    text30       000000
__Ltext4                                     text4        000000
__Ltext5                                     text5        000000
__Ltext6                                     text6        000000
__Ltext7                                     text7        000000
__Ltext8                                     text8        000000
__Ltext9                                     text9        000000
__S0                                         (abs)        001A14
__S1                                         (abs)        000091
__S4                                         (abs)        000000
__S5                                         (abs)        000000
___heap_hi                                   (abs)        000000
___heap_lo                                   (abs)        000000
___inthi_sp                                  stack        000000
___inthi_stack_hi                            stack        000000
___inthi_stack_lo                            stack        000000
___intlo_sp                                  stack        000000
___intlo_stack_hi                            stack        000000
___intlo_stack_lo                            stack        000000
___param_bank                                (abs)        000000
___rparam_used                               (abs)        000001
___sp                                        stack        000000
___stack_hi                                  stack        000000
___stack_lo                                  stack        000000
__accesstop                                  (abs)        000060
__activetblptr                               (abs)        000002
__end_of_INT0_ISR                            text30       001A14
__end_of_INT1_ISR                            text27       001A0C
__end_of_INT2_ISR                            text29       001A10
__end_of_Interrupt_Manager_High              intcode_body 00194E
__end_of_Interrupt_Manager_Low               intcodelo    0002A6
__end_of_Interrupt_RBx_Enable                text10       0019A8
__end_of_Interrupt_RBx_Init                  text4        0018C0
__end_of_Interrupt_RBx_Pin_Init              text7        001404
__end_of_Interrupt_RBx_Priority_Init         text6        001740
__end_of_Interrupt_RBx_Set_Interrupt_Handler text5        001368
__end_of_RB4_INT_APP_ISR_HIGH                text22       0019FA
__end_of_RB4_INT_APP_ISR_LOW                 text21       0019F0
__end_of_RB4_ISR                             text15       0016D6
__end_of_RB5_INT_APP_ISR_HIGH                text20       0019E6
__end_of_RB5_INT_APP_ISR_LOW                 text19       0019DC
__end_of_RB5_ISR                             text14       001660
__end_of_RB6_INT_APP_ISR_HIGH                text18       0019D2
__end_of_RB6_INT_APP_ISR_LOW                 text17       0019C8
__end_of_RB6_ISR                             text13       0015EA
__end_of_RB7_INT_APP_ISR_HIGH                text16       0019BE
__end_of_RB7_INT_APP_ISR_LOW                 text23       001A04
__end_of_RB7_ISR                             text12       001574
__end_of__initialization                     cinit        001860
__end_of_application_init                    text2        0019B4
__end_of_ecu_layer_initialize                text3        001A08
__end_of_gpio_pin_direction_initialize       text9        001280
__end_of_gpio_pin_initialize                 text8        00190A
__end_of_gpio_pin_write_logic                text26       001168
__end_of_led_initialize                      text1        0014FE
__end_of_led_turn_off                        text24       0017AA
__end_of_led_turn_on                         text25       001814
__end_of_main                                text0        001488
__initialization                             cinit        001814
__mediumconst                                mediumconst  000000
__pbssCOMRAM                                 bssCOMRAM    00001D
__pcinit                                     cinit        001814
__pcstackBANK0                               cstackBANK0  000082
__pcstackCOMRAM                              cstackCOMRAM 000037
__pdataBANK0                                 dataBANK0    000060
__pdataCOMRAM                                dataCOMRAM   000001
__pidataBANK0                                idataBANK0   00194E
__pidataCOMRAM                               idataCOMRAM  001970
__pintcode                                   intcode      000008
__pintcode_body                              intcode_body 00190A
__pintcodelo                                 intcodelo    000018
__psmallconst                                smallconst   001000
__ptext0                                     text0        001404
__ptext1                                     text1        001488
__ptext10                                    text10       00198C
__ptext12                                    text12       0014FE
__ptext13                                    text13       001574
__ptext14                                    text14       0015EA
__ptext15                                    text15       001660
__ptext16                                    text16       0019B4
__ptext17                                    text17       0019BE
__ptext18                                    text18       0019C8
__ptext19                                    text19       0019D2
__ptext2                                     text2        0019A8
__ptext20                                    text20       0019DC
__ptext21                                    text21       0019E6
__ptext22                                    text22       0019F0
__ptext23                                    text23       0019FA
__ptext24                                    text24       001740
__ptext25                                    text25       0017AA
__ptext26                                    text26       001002
__ptext27                                    text27       001A08
__ptext29                                    text29       001A0C
__ptext3                                     text3        001A04
__ptext30                                    text30       001A10
__ptext4                                     text4        00186E
__ptext5                                     text5        001280
__ptext6                                     text6        0016D6
__ptext7                                     text7        001368
__ptext8                                     text8        0018C0
__ptext9                                     text9        001168
__ramtop                                     ramtop       001000
__smallconst                                 smallconst   001000
_application_init                            text2        0019A8
_ecu_layer_initialize                        text3        001A04
_gpio_pin_direction_initialize               text9        001168
_gpio_pin_initialize                         text8        0018C0
_gpio_pin_write_logic                        text26       001002
_lat_registers                               dataCOMRAM   00000B
_led1                                        dataCOMRAM   00001C
_led2                                        dataCOMRAM   00001B
_led3                                        dataCOMRAM   00001A
_led4                                        dataCOMRAM   000019
_led_initialize                              text1        001488
_led_turn_off                                text24       001740
_led_turn_on                                 text25       0017AA
_main                                        text0        001404
_port_registers                              dataBANK0    000060
_tris_registers                              dataCOMRAM   000001
application_init@ret                         cstackBANK0  000082
btemp                                        temp         00004C
end_of_initialization                        cinit        001860
gpio_pin_direction_initialize@_pin_config_t  cstackBANK0  000082
gpio_pin_direction_initialize@ret            cstackBANK0  000088
gpio_pin_initialize@_pin_config_t            cstackBANK0  000089
gpio_pin_initialize@ret                      cstackBANK0  00008B
gpio_pin_write_logic@_pin_config_t           cstackCOMRAM 000037
gpio_pin_write_logic@logic                   cstackCOMRAM 000038
gpio_pin_write_logic@ret                     cstackCOMRAM 00003E
int$flags                                    temp         00004C
int_func                                     intcode_body 00190A
intlevel0                                    text         000000
intlevel1                                    text         000000
intlevel2                                    text         000000
intlevel3                                    text         000000
isa$std                                      (abs)        000001
isa$xinst                                    (abs)        000000
led_initialize@F3156                         bssCOMRAM    000036
led_initialize@led                           cstackBANK0  00008C
led_initialize@pin                           cstackBANK0  00008F
led_initialize@ret                           cstackBANK0  00008E
led_toggle@F3171                             bssCOMRAM    000033
led_turn_off@F3166                           bssCOMRAM    000034
led_turn_off@led                             cstackCOMRAM 00003F
led_turn_off@pin                             cstackCOMRAM 000041
led_turn_on@F3161                            bssCOMRAM    000035
led_turn_on@led                              cstackCOMRAM 00003F
led_turn_on@pin                              cstackCOMRAM 000041
main@ret                                     cstackBANK0  000090
stackhi                                      (abs)        000000
stacklo                                      (abs)        000000
start                                        init         0002A6
start_initialization                         cinit        001814
ttemp5                                       temp         00004D
ttemp6                                       temp         000050
ttemp7                                       temp         000054
wtemp8                                       temp         00004D


MODULE INFORMATION

Module		Function		Class		Link	Load	Size
MCAL_Layer/Interrupt/mcal_RBx_external_interrupt.c
		_Interrupt_RBx_Pin_Init		CODE           	1368	0000	156
		_RB4_ISR       		CODE           	1660	0000	118
		_RB5_ISR       		CODE           	15EA	0000	118
		_RB6_ISR       		CODE           	1574	0000	118
		_RB7_ISR       		CODE           	14FE	0000	118
		_Interrupt_RBx_Set_Interrupt_Handler		CODE           	1280	0000	232
		_Interrupt_RBx_Priority_Init		CODE           	16D6	0000	106
		_Interrupt_RBx_Enable		CODE           	198C	0000	28
		_Interrupt_RBx_Init		CODE           	186E	0000	82

MCAL_Layer/Interrupt/mcal_RBx_external_interrupt.c estimated size: 1076

MCAL_Layer/Interrupt/mcal_INTx_external_interrupt.c
		_INT0_ISR      		CODE           	1A10	0000	4
		_INT1_ISR      		CODE           	1A08	0000	4
		_INT2_ISR      		CODE           	1A0C	0000	4

MCAL_Layer/Interrupt/mcal_INTx_external_interrupt.c estimated size: 12

shared
		__initialization		CODE           	1814	0000	76

shared estimated size: 76

app.c
		_RB4_INT_APP_ISR_LOW		CODE           	19E6	0000	10
		_RB5_INT_APP_ISR_LOW		CODE           	19D2	0000	10
		_RB6_INT_APP_ISR_LOW		CODE           	19BE	0000	10
		_RB7_INT_APP_ISR_LOW		CODE           	19FA	0000	10
		_main          		CODE           	1404	0000	132
		_RB4_INT_APP_ISR_HIGH		CODE           	19F0	0000	10
		_RB5_INT_APP_ISR_HIGH		CODE           	19DC	0000	10
		_RB6_INT_APP_ISR_HIGH		CODE           	19C8	0000	10
		_RB7_INT_APP_ISR_HIGH		CODE           	19B4	0000	10
		_application_init		CODE           	19A8	0000	12

app.c estimated size: 224

MCAL_Layer/Interrupt/mcal_interrupt_manager.c
		_Interrupt_Manager_High		CODE           	0008	0000	74
		_Interrupt_Manager_Low		CODE           	0018	0000	654

MCAL_Layer/Interrupt/mcal_interrupt_manager.c estimated size: 728

MCAL_Layer/GPIO/hal_gpio.c
		_gpio_pin_write_logic		CODE           	1002	0000	358
		_gpio_pin_direction_initialize		CODE           	1168	0000	280
		_gpio_pin_initialize		CODE           	18C0	0000	74

MCAL_Layer/GPIO/hal_gpio.c estimated size: 712

ECU_Layer/led/ecu_led.c
		_led_initialize		CODE           	1488	0000	118
		_led_turn_on   		CODE           	17AA	0000	106
		_led_turn_off  		CODE           	1740	0000	106

ECU_Layer/led/ecu_led.c estimated size: 330

ECU_Layer/ecu_layer_init.c
		_ecu_layer_initialize		CODE           	1A04	0000	4

ECU_Layer/ecu_layer_init.c estimated size: 4

