Microchip MPLAB XC8 Compiler V2.46

Linker command line:

-W-3 \
  --edf=D:\Programming\Microchip\xc8\v2.46\pic\dat\20240104201356_en.msgs \
  -cn -h+dist/default/production\Application.X.production.sym \
  --cmf=dist/default/production\Application.X.production.cmf -z -Q18F46K20 \
  -oC:\Users\elsae\AppData\Local\Temp\xcAsp7g.\driver_tmp_3.o \
  --defsym=__MPLAB_BUILD=1 --fixupoverflow=error \
  -Mdist/default/production/Application.X.production.map \
  --md=C:\Users\elsae\AppData\Local\Temp\xcAsp7g.\driver_tmp_0.dat -E1 \
  -ver=XC8 Compiler --acfsm=1493 -ACODE=00h-0FFFFh -ACONST=00h-0FFFFh \
  -ASMALLCONST=01000h-010FFhx240 -AMEDIUMCONST=01000h-0FFFFh \
  -ACOMRAM=01h-05Fh -AABS1=00h-0F5Fh -ABIGRAM=01h-0F5Fh \
  -ARAM=060h-0FFh,0100h-01FFhx14,0F00h-0F5Fh -ABANK0=060h-0FFh \
  -ABANK1=0100h-01FFh -ABANK2=0200h-02FFh -ABANK3=0300h-03FFh \
  -ABANK4=0400h-04FFh -ABANK5=0500h-05FFh -ABANK6=0600h-06FFh \
  -ABANK7=0700h-07FFh -ABANK8=0800h-08FFh -ABANK9=0900h-09FFh \
  -ABANK10=0A00h-0AFFh -ABANK11=0B00h-0BFFh -ABANK12=0C00h-0CFFh \
  -ABANK13=0D00h-0DFFh -ABANK14=0E00h-0EFFh -ABANK15=0F00h-0F5Fh \
  -ASFR=0F60h-0FFFh -ABIGSFR=0F60h-0FFFh -ACONFIG=0300000h-030000Dh \
  -AIDLOC=0200000h-0200007h -AEEDATA=0F00000h-0F003FFh -peeprom_data=EEDATA \
  -preset_vec=00h,intcode,sivt_hi,intcodelo,sivt_lo,powerup,init \
  -pramtop=01000h -psmallconst=SMALLCONST -pmediumconst=MEDIUMCONST \
  -pconst=CONST -AFARRAM=00h-00h \
  -prdata=COMRAM,nvrram=COMRAM,nvbit=COMRAM,rbss=COMRAM,rbit=COMRAM \
  -pfarbss=FARRAM,fardata=FARRAM,nvFARRAM=FARRAM \
  -pintsave_regs=BIGRAM,bigbss=BIGRAM,bigdata=BIGRAM -pbss=RAM \
  -pidata=CODE,irdata=CODE,ibigdata=CODE,ifardata=CODE -prparam=COMRAM \
  C:\Users\elsae\AppData\Local\Temp\xcAsp7g.\driver_tmp_14.o \
  dist/default/production\Application.X.production.o 

Object code version is 3.11

Machine type is 18F46K20



                Name                               Link     Load   Length Selector   Space Scale
C:\Users\elsae\AppData\Local\Temp\xcAsp7g.\driver_tmp_14.o
                init                                  0        0        4        0       0
dist/default/production\Application.X.production.o
                smallconst                         1000     1000       16      800       0
                text26                             15EE     15EE      112      80B       0
                text25                             1EC8     1EC8       46      80B       0
                text24                             1204     1204      166      80B       0
                text23                             1E78     1E78       50      80B       0
                text22                             1BC6     1BC6       76      80B       0
                text21                             1B26     1B26       A0      80B       0
                text20                             136A     136A      14C      80B       0
                text19                             1F94     1F94       40      FCA       0
                text18                             1922     1922       AE      80B       0
                text17                             14B6     14B6      138      80B       0
                text16                             2038     2038       28      FCA       0
                text15                             2072     2072        A     1039       0
                text14                             2008     2008       30      FCA       0
                text13                             1700     1700       C4      80B       0
                text12                             17C4     17C4       B0      80B       0
                text11                             1FD4     1FD4       34      FCA       0
                text10                             207C     207C        2     1039       0
                text9                              1A7C     1A7C       AA      80B       0
                text8                              1016     1016      1EE      80B       0
                text7                              1E28     1E28       50      80B       0
                text6                              1F0E     1F0E       44      80B       0
                text5                              1D6E     1D6E       5E      80B       0
                text4                              1874     1874       AE      80B       0
                text3                              1CB0     1CB0       60      80B       0
                text2                              19D0     19D0       AC      80B       0
                text1                              1DCC     1DCC       5C      80B       0
                text0                              1C3C     1C3C       74      80B       0
                cstackCOMRAM                          1        1       34        1       1
                dataBANK0                            60       60       41       60       1
                bssBANK0                             A1       A1       32       60       1
                dataCOMRAM                           4F       4F       11        1       1
                bssCOMRAM                            35       35       1A        1       1
                cinit                              1D10     1D10       5E      80B       0
                idataBANK0                         1F52     1F52       41      80B       0
                idataCOMRAM                        2060     2060       11      FCA       0

TOTAL           Name                               Link     Load   Length     Space
        CLASS   CODE           
                init                                  0        0        4         0
                text26                             15EE     15EE      112         0
                text25                             1EC8     1EC8       46         0
                text24                             1204     1204      166         0
                text23                             1E78     1E78       50         0
                text22                             1BC6     1BC6       76         0
                text21                             1B26     1B26       A0         0
                text20                             136A     136A      14C         0
                text19                             1F94     1F94       40         0
                text18                             1922     1922       AE         0
                text17                             14B6     14B6      138         0
                text16                             2038     2038       28         0
                text15                             2072     2072        A         0
                text14                             2008     2008       30         0
                text13                             1700     1700       C4         0
                text12                             17C4     17C4       B0         0
                text11                             1FD4     1FD4       34         0
                text10                             207C     207C        2         0
                text9                              1A7C     1A7C       AA         0
                text8                              1016     1016      1EE         0
                text7                              1E28     1E28       50         0
                text6                              1F0E     1F0E       44         0
                text5                              1D6E     1D6E       5E         0
                text4                              1874     1874       AE         0
                text3                              1CB0     1CB0       60         0
                text2                              19D0     19D0       AC         0
                text1                              1DCC     1DCC       5C         0
                text0                              1C3C     1C3C       74         0
                cinit                              1D10     1D10       5E         0
                idataBANK0                         1F52     1F52       41         0
                idataCOMRAM                        2060     2060       11         0

        CLASS   CONST          

        CLASS   SMALLCONST     
                smallconst                         1000     1000       16         0

        CLASS   MEDIUMCONST    

        CLASS   COMRAM         
                cstackCOMRAM                          1        1       34         1
                dataCOMRAM                           4F       4F       11         1
                bssCOMRAM                            35       35       1A         1

        CLASS   ABS1           

        CLASS   BIGRAM         

        CLASS   RAM            

        CLASS   BANK0          
                dataBANK0                            60       60       41         1
                bssBANK0                             A1       A1       32         1

        CLASS   BANK1          

        CLASS   BANK2          

        CLASS   BANK3          

        CLASS   BANK4          

        CLASS   BANK5          

        CLASS   BANK6          

        CLASS   BANK7          

        CLASS   BANK8          

        CLASS   BANK9          

        CLASS   BANK10         

        CLASS   BANK11         

        CLASS   BANK12         

        CLASS   BANK13         

        CLASS   BANK14         

        CLASS   BANK15         

        CLASS   SFR            

        CLASS   BIGSFR         

        CLASS   CONFIG         

        CLASS   IDLOC          

        CLASS   EEDATA         

        CLASS   FARRAM         

        CLASS   HEAP           

        CLASS   STACK          



SEGMENTS        Name                           Load    Length   Top    Selector   Space  Class

                reset_vec                      000000  000004  000004         0       0  CODE    
                cstackCOMRAM                   000001  00005F  000060         1       1  COMRAM  
                dataBANK0                      000060  000073  0000D3        60       1  BANK0   
                smallconst                     001000  000016  001016       800       0  SMALLCON
                text8                          001016  000F7D  001F93       80B       0  CODE    
                text19                         001F94  0000DD  002071       FCA       0  CODE    
                text15                         002072  00000C  00207E      1039       0  CODE    


UNUSED ADDRESS RANGES

        Name                Unused          Largest block    Delta
        BANK0            00D3-00FF             2D
        BANK1            0100-01FF            100
        BANK10           0A00-0AFF            100
        BANK11           0B00-0BFF            100
        BANK12           0C00-0CFF            100
        BANK13           0D00-0DFF            100
        BANK14           0E00-0EFF            100
        BANK15           0F00-0F5F             60
        BANK2            0200-02FF            100
        BANK3            0300-03FF            100
        BANK4            0400-04FF            100
        BANK5            0500-05FF            100
        BANK6            0600-06FF            100
        BANK7            0700-07FF            100
        BANK8            0800-08FF            100
        BANK9            0900-09FF            100
        BIGRAM           00D3-0F5F            E8D
        BIGSFR           0F60-0FFF             A0
        CODE             0004-0FFF            FFC
                         1F93-1F93              1
                         2071-2071              1
                         207E-FFFF           DF82
        CONFIG           300000-30000D              E
        CONST            0004-0FFF            FFC
                         1F93-1F93              1
                         2071-2071              1
                         207E-FFFF           DF82
        EEDATA           F00000-F003FF            400
        IDLOC            200000-200007              8
        MEDIUMCONST      1F93-1F93              1
                         2071-2071              1
                         207E-FFFF           DF82
        RAM              00D3-0F5F            100
        SFR              0F60-0FFF             A0
        SMALLCONST       1F93-1F93              1
                         2071-2071              1
                         207E-FFFF            100

                                  Symbol Table

?___awdiv                                        cstackCOMRAM 0001
?___awmod                                        cstackCOMRAM 0001
?_abs                                            cstackCOMRAM 0007
?_sprintf                                        cstackCOMRAM 001C
?_vfpfcnvrt                                      cstackCOMRAM 000B
?_vfprintf                                       cstackCOMRAM 0018
_LATA                                            (abs)        0F89
_LATB                                            (abs)        0F8A
_LATC                                            (abs)        0F8B
_LATD                                            (abs)        0F8C
_LATE                                            (abs)        0F8D
_PORTA                                           (abs)        0F80
_PORTB                                           (abs)        0F81
_PORTC                                           (abs)        0F82
_PORTD                                           (abs)        0F83
_PORTE                                           (abs)        0F84
_TRISA                                           (abs)        0F92
_TRISB                                           (abs)        0F93
_TRISC                                           (abs)        0F94
_TRISD                                           (abs)        0F95
_TRISE                                           (abs)        0F96
__HRAM                                           (abs)        0000
__H__absolute__                                  __absolute__ 0000
__Habs1                                          abs1         0000
__Hbank0                                         bank0        0000
__Hbank1                                         bank1        0000
__Hbank10                                        bank10       0000
__Hbank11                                        bank11       0000
__Hbank12                                        bank12       0000
__Hbank13                                        bank13       0000
__Hbank14                                        bank14       0000
__Hbank15                                        bank15       0000
__Hbank2                                         bank2        0000
__Hbank3                                         bank3        0000
__Hbank4                                         bank4        0000
__Hbank5                                         bank5        0000
__Hbank6                                         bank6        0000
__Hbank7                                         bank7        0000
__Hbank8                                         bank8        0000
__Hbank9                                         bank9        0000
__Hbigbss                                        bigbss       0000
__Hbigdata                                       bigdata      0000
__Hbigram                                        bigram       0000
__Hbigsfr                                        bigsfr       0000
__Hbss                                           bss          0000
__HbssBANK0                                      bssBANK0     0000
__HbssCOMRAM                                     bssCOMRAM    0000
__Hcinit                                         cinit        0000
__Hclrtext                                       clrtext      0000
__Hcomram                                        comram       0000
__Hconfig                                        config       0000
__Hconst                                         const        0000
__HcstackCOMRAM                                  cstackCOMRAM 0000
__Hdata                                          data         0000
__HdataBANK0                                     dataBANK0    0000
__HdataCOMRAM                                    dataCOMRAM   0000
__Heeprom_data                                   eeprom_data  0000
__Hfarbss                                        farbss       0000
__Hfardata                                       fardata      0000
__Hheap                                          heap         0000
__Hibigdata                                      ibigdata     0000
__Hidata                                         idata        0000
__HidataBANK0                                    idataBANK0   0000
__HidataCOMRAM                                   idataCOMRAM  0000
__Hidloc                                         idloc        0000
__Hifardata                                      ifardata     0000
__Hinit                                          init         0004
__Hintcode                                       intcode      0000
__Hintcode_body                                  intcode_body 0000
__Hintcodelo                                     intcodelo    0000
__Hintentry                                      intentry     0000
__Hintret                                        intret       0000
__Hintsave_regs                                  intsave_regs 0000
__Hirdata                                        irdata       0000
__Hmediumconst                                   mediumconst  0000
__HnvFARRAM                                      nvFARRAM     0000
__Hnvbit                                         nvbit        0000
__Hnvrram                                        nvrram       0000
__Hparam                                         rparam       0000
__Hpowerup                                       powerup      0000
__Hram                                           ram          0000
__Hramtop                                        ramtop       1000
__Hrbit                                          rbit         0000
__Hrbss                                          rbss         0000
__Hrdata                                         rdata        0000
__Hreset_vec                                     reset_vec    0000
__Hrparam                                        rparam       0000
__Hsfr                                           sfr          0000
__Hsivt_hi                                       sivt_hi      0000
__Hsivt_lo                                       sivt_lo      0000
__Hsmallconst                                    smallconst   1016
__Hspace_0                                       (abs)        207E
__Hspace_1                                       (abs)        00D3
__Hspace_2                                       (abs)        0000
__Hspace_4                                       (abs)        0000
__Hstack                                         stack        0000
__Hstruct                                        struct       0000
__Htemp                                          temp         0000
__Htext                                          text         0000
__Htext0                                         text0        0000
__Htext1                                         text1        0000
__Htext10                                        text10       0000
__Htext11                                        text11       0000
__Htext12                                        text12       0000
__Htext13                                        text13       0000
__Htext14                                        text14       0000
__Htext15                                        text15       0000
__Htext16                                        text16       0000
__Htext17                                        text17       0000
__Htext18                                        text18       0000
__Htext19                                        text19       0000
__Htext2                                         text2        0000
__Htext20                                        text20       0000
__Htext21                                        text21       0000
__Htext22                                        text22       0000
__Htext23                                        text23       0000
__Htext24                                        text24       0000
__Htext25                                        text25       0000
__Htext26                                        text26       0000
__Htext3                                         text3        0000
__Htext4                                         text4        0000
__Htext5                                         text5        0000
__Htext6                                         text6        0000
__Htext7                                         text7        0000
__Htext8                                         text8        0000
__Htext9                                         text9        0000
__LRAM                                           (abs)        0001
__L__absolute__                                  __absolute__ 0000
__Labs1                                          abs1         0000
__Lbank0                                         bank0        0000
__Lbank1                                         bank1        0000
__Lbank10                                        bank10       0000
__Lbank11                                        bank11       0000
__Lbank12                                        bank12       0000
__Lbank13                                        bank13       0000
__Lbank14                                        bank14       0000
__Lbank15                                        bank15       0000
__Lbank2                                         bank2        0000
__Lbank3                                         bank3        0000
__Lbank4                                         bank4        0000
__Lbank5                                         bank5        0000
__Lbank6                                         bank6        0000
__Lbank7                                         bank7        0000
__Lbank8                                         bank8        0000
__Lbank9                                         bank9        0000
__Lbigbss                                        bigbss       0000
__Lbigdata                                       bigdata      0000
__Lbigram                                        bigram       0000
__Lbigsfr                                        bigsfr       0000
__Lbss                                           bss          0000
__LbssBANK0                                      bssBANK0     0000
__LbssCOMRAM                                     bssCOMRAM    0000
__Lcinit                                         cinit        0000
__Lclrtext                                       clrtext      0000
__Lcomram                                        comram       0000
__Lconfig                                        config       0000
__Lconst                                         const        0000
__LcstackCOMRAM                                  cstackCOMRAM 0000
__Ldata                                          data         0000
__LdataBANK0                                     dataBANK0    0000
__LdataCOMRAM                                    dataCOMRAM   0000
__Leeprom_data                                   eeprom_data  0000
__Lfarbss                                        farbss       0000
__Lfardata                                       fardata      0000
__Lheap                                          heap         0000
__Libigdata                                      ibigdata     0000
__Lidata                                         idata        0000
__LidataBANK0                                    idataBANK0   0000
__LidataCOMRAM                                   idataCOMRAM  0000
__Lidloc                                         idloc        0000
__Lifardata                                      ifardata     0000
__Linit                                          init         0000
__Lintcode                                       intcode      0000
__Lintcode_body                                  intcode_body 0000
__Lintcodelo                                     intcodelo    0000
__Lintentry                                      intentry     0000
__Lintret                                        intret       0000
__Lintsave_regs                                  intsave_regs 0000
__Lirdata                                        irdata       0000
__Lmediumconst                                   mediumconst  0000
__LnvFARRAM                                      nvFARRAM     0000
__Lnvbit                                         nvbit        0000
__Lnvrram                                        nvrram       0000
__Lparam                                         rparam       0000
__Lpowerup                                       powerup      0000
__Lram                                           ram          0000
__Lramtop                                        ramtop       1000
__Lrbit                                          rbit         0000
__Lrbss                                          rbss         0000
__Lrdata                                         rdata        0000
__Lreset_vec                                     reset_vec    0000
__Lrparam                                        rparam       0000
__Lsfr                                           sfr          0000
__Lsivt_hi                                       sivt_hi      0000
__Lsivt_lo                                       sivt_lo      0000
__Lsmallconst                                    smallconst   1000
__Lspace_0                                       (abs)        0000
__Lspace_1                                       (abs)        0000
__Lspace_2                                       (abs)        0000
__Lspace_4                                       (abs)        0000
__Lstack                                         stack        0000
__Lstruct                                        struct       0000
__Ltemp                                          temp         0000
__Ltext                                          text         0000
__Ltext0                                         text0        0000
__Ltext1                                         text1        0000
__Ltext10                                        text10       0000
__Ltext11                                        text11       0000
__Ltext12                                        text12       0000
__Ltext13                                        text13       0000
__Ltext14                                        text14       0000
__Ltext15                                        text15       0000
__Ltext16                                        text16       0000
__Ltext17                                        text17       0000
__Ltext18                                        text18       0000
__Ltext19                                        text19       0000
__Ltext2                                         text2        0000
__Ltext20                                        text20       0000
__Ltext21                                        text21       0000
__Ltext22                                        text22       0000
__Ltext23                                        text23       0000
__Ltext24                                        text24       0000
__Ltext25                                        text25       0000
__Ltext26                                        text26       0000
__Ltext3                                         text3        0000
__Ltext4                                         text4        0000
__Ltext5                                         text5        0000
__Ltext6                                         text6        0000
__Ltext7                                         text7        0000
__Ltext8                                         text8        0000
__Ltext9                                         text9        0000
__S0                                             (abs)        207E
__S1                                             (abs)        00D3
__S4                                             (abs)        0000
__S5                                             (abs)        0000
___awdiv                                         text13       1700
___awdiv@counter                                 cstackCOMRAM 0005
___awdiv@dividend                                cstackCOMRAM 0001
___awdiv@divisor                                 cstackCOMRAM 0003
___awdiv@quotient                                cstackCOMRAM 0007
___awdiv@sign                                    cstackCOMRAM 0006
___awmod                                         text12       17C4
___awmod@counter                                 cstackCOMRAM 0005
___awmod@dividend                                cstackCOMRAM 0001
___awmod@divisor                                 cstackCOMRAM 0003
___awmod@sign                                    cstackCOMRAM 0006
___heap_hi                                       (abs)        0000
___heap_lo                                       (abs)        0000
___inthi_sp                                      stack        0000
___inthi_stack_hi                                stack        0000
___inthi_stack_lo                                stack        0000
___intlo_sp                                      stack        0000
___intlo_stack_hi                                stack        0000
___intlo_stack_lo                                stack        0000
___param_bank                                    (abs)        0000
___rparam_used                                   (abs)        0001
___sp                                            stack        0000
___stack_hi                                      stack        0000
___stack_lo                                      stack        0000
__accesstop                                      (abs)        0060
__activetblptr                                   (abs)        0003
__end_of___awdiv                                 text13       17C4
__end_of___awmod                                 text12       1874
__end_of__initialization                         cinit        1D68
__end_of_abs                                     text11       2008
__end_of_application_init                        text15       207C
__end_of_btn_values                              smallconst   1011
__end_of_convert_short_to_string                 text5        1DCC
__end_of_ecu_layer_initialize                    text16       2060
__end_of_fputc                                   text9        1B26
__end_of_gpio_pin_direction_initialize           text26       1700
__end_of_gpio_pin_initialize                     text25       1F0E
__end_of_gpio_pin_write_logic                    text24       136A
__end_of_lcd_4bit_initialize                     text20       14B6
__end_of_lcd_4bit_send_command                   text21       1BC6
__end_of_lcd_4bit_send_enable_signal             text23       1EC8
__end_of_lcd_8bit_initialize                     text17       15EE
__end_of_lcd_8bit_send_char_data                 text4        1922
__end_of_lcd_8bit_send_command                   text18       19D0
__end_of_lcd_8bit_send_enable_signal             text19       1FD4
__end_of_lcd_8bit_send_string                    text3        1D10
__end_of_lcd_8bit_send_string_pos                text1        1E28
__end_of_lcd_8bit_set_cursor                     text2        1A7C
__end_of_lcd_send_4bits                          text22       1C3C
__end_of_main                                    text0        1CB0
__end_of_memset                                  text14       2038
__end_of_putch                                   text10       207E
__end_of_sprintf                                 text6        1F52
__end_of_vfpfcnvrt                               text8        1204
__end_of_vfprintf                                text7        1E78
__initialization                                 cinit        1D10
__mediumconst                                    mediumconst  0000
__pbssBANK0                                      bssBANK0     00A1
__pbssCOMRAM                                     bssCOMRAM    0035
__pcinit                                         cinit        1D10
__pcstackCOMRAM                                  cstackCOMRAM 0001
__pdataBANK0                                     dataBANK0    0060
__pdataCOMRAM                                    dataCOMRAM   004F
__pidataBANK0                                    idataBANK0   1F52
__pidataCOMRAM                                   idataCOMRAM  2060
__psmallconst                                    smallconst   1000
__ptext0                                         text0        1C3C
__ptext1                                         text1        1DCC
__ptext10                                        text10       207C
__ptext11                                        text11       1FD4
__ptext12                                        text12       17C4
__ptext13                                        text13       1700
__ptext14                                        text14       2008
__ptext15                                        text15       2072
__ptext16                                        text16       2038
__ptext17                                        text17       14B6
__ptext18                                        text18       1922
__ptext19                                        text19       1F94
__ptext2                                         text2        19D0
__ptext20                                        text20       136A
__ptext21                                        text21       1B26
__ptext22                                        text22       1BC6
__ptext23                                        text23       1E78
__ptext24                                        text24       1204
__ptext25                                        text25       1EC8
__ptext26                                        text26       15EE
__ptext3                                         text3        1CB0
__ptext4                                         text4        1874
__ptext5                                         text5        1D6E
__ptext6                                         text6        1F0E
__ptext7                                         text7        1E28
__ptext8                                         text8        1016
__ptext9                                         text9        1A7C
__ramtop                                         ramtop       1000
__smallconst                                     smallconst   1000
_abs                                             text11       1FD4
_application_init                                text15       2072
_btn_high                                        dataBANK0    009B
_btn_low                                         dataBANK0    009E
_btn_values                                      smallconst   1001
_convert_short_to_string                         text5        1D6E
_count                                           bssCOMRAM    0040
_counter                                         bssCOMRAM    0042
_dbuf                                            bssBANK0     00A1
_dc_motor_1                                      dataCOMRAM   0054
_dc_motor_2                                      dataCOMRAM   0052
_ecu_layer_initialize                            text16       2038
_flags                                           bssCOMRAM    003F
_fputc                                           text9        1A7C
_funcs                                           bssBANK0     00C1
_gpio_pin_direction_initialize                   text26       15EE
_gpio_pin_initialize                             text25       1EC8
_gpio_pin_write_logic                            text24       1204
_hours                                           dataCOMRAM   0051
_keypad1                                         dataBANK0    0088
_lat_registers                                   dataBANK0    0074
_lcd_1                                           dataBANK0    0090
_lcd_2                                           dataBANK0    007E
_lcd_4bit_initialize                             text20       136A
_lcd_4bit_send_command                           text21       1B26
_lcd_4bit_send_enable_signal                     text23       1E78
_lcd_8bit_initialize                             text17       14B6
_lcd_8bit_send_char_data                         text4        1874
_lcd_8bit_send_command                           text18       1922
_lcd_8bit_send_enable_signal                     text19       1F94
_lcd_8bit_send_string                            text3        1CB0
_lcd_8bit_send_string_pos                        text1        1DCC
_lcd_8bit_set_cursor                             text2        19D0
_lcd_counter_txt                                 bssBANK0     00C7
_lcd_counter_txt2                                bssBANK0     00CD
_lcd_send_4bits                                  text22       1BC6
_led1                                            dataCOMRAM   005F
_led2                                            dataCOMRAM   005E
_main                                            text0        1C3C
_memset                                          text14       2008
_minutes                                         dataCOMRAM   0050
_nout                                            bssCOMRAM    0035
_number                                          bssCOMRAM    0041
_number2                                         bssCOMRAM    0039
_port_registers                                  dataBANK0    0060
_prec                                            bssCOMRAM    0037
_putch                                           text10       207C
_relay1                                          dataCOMRAM   005D
_relay2                                          dataCOMRAM   005C
_seconds                                         dataCOMRAM   004F
_seg1                                            dataBANK0    0096
_seg1_enable                                     dataCOMRAM   005B
_seg2_enable                                     dataCOMRAM   005A
_seg3_enable                                     dataCOMRAM   0059
_seg4_enable                                     dataCOMRAM   0058
_seg5_enable                                     dataCOMRAM   0057
_seg6_enable                                     dataCOMRAM   0056
_seg_val                                         bssCOMRAM    0043
_sprintf                                         text6        1F0E
_tris_registers                                  dataBANK0    006A
_value                                           bssCOMRAM    004E
_vfpfcnvrt                                       text8        1016
_vfprintf                                        text7        1E28
_width                                           bssBANK0     00CB
abs@a                                            cstackCOMRAM 0007
application_init@ret                             cstackCOMRAM 0017
btn_high_magic_button@btn_high_last_valid_status bssCOMRAM    004D
btn_high_magic_button@led_status                 bssCOMRAM    004C
button_read_state@btn_high_valid                 bssCOMRAM    003D
button_read_state@btn_low_valid                  bssCOMRAM    003B
convert_short_to_string@ret                      cstackCOMRAM 0032
convert_short_to_string@str                      cstackCOMRAM 0031
convert_short_to_string@value                    cstackCOMRAM 002F
ecu_layer_initialize@ret                         cstackCOMRAM 0016
end_of_initialization                            cinit        1D68
fputc@c                                          cstackCOMRAM 0001
fputc@fp                                         cstackCOMRAM 0003
gpio_pin_direction_initialize@_pin_config_t      cstackCOMRAM 0001
gpio_pin_direction_initialize@ret                cstackCOMRAM 0007
gpio_pin_initialize@_pin_config_t                cstackCOMRAM 0008
gpio_pin_initialize@ret                          cstackCOMRAM 000A
gpio_pin_write_logic@_pin_config_t               cstackCOMRAM 0001
gpio_pin_write_logic@logic                       cstackCOMRAM 0002
gpio_pin_write_logic@ret                         cstackCOMRAM 0008
intlevel0                                        text         0000
intlevel1                                        text         0000
intlevel2                                        text         0000
intlevel3                                        text         0000
isa$std                                          (abs)        0001
isa$xinst                                        (abs)        0000
lcd_4bit_initialize@lcd                          cstackCOMRAM 0012
lcd_4bit_initialize@lcd_data_counter             cstackCOMRAM 0014
lcd_4bit_initialize@ret                          cstackCOMRAM 0015
lcd_4bit_send_command@command                    cstackCOMRAM 0010
lcd_4bit_send_command@lcd                        cstackCOMRAM 000F
lcd_4bit_send_command@ret                        cstackCOMRAM 0011
lcd_4bit_send_enable_signal@lcd                  cstackCOMRAM 0009
lcd_4bit_send_enable_signal@ret                  cstackCOMRAM 000A
lcd_8bit_initialize@lcd                          cstackCOMRAM 0011
lcd_8bit_initialize@lcd_data_counter             cstackCOMRAM 0013
lcd_8bit_initialize@ret                          cstackCOMRAM 0014
lcd_8bit_send_char_data@counter                  cstackCOMRAM 000F
lcd_8bit_send_char_data@data                     cstackCOMRAM 000C
lcd_8bit_send_char_data@lcd                      cstackCOMRAM 000B
lcd_8bit_send_char_data@ret                      cstackCOMRAM 0010
lcd_8bit_send_command@command                    cstackCOMRAM 000C
lcd_8bit_send_command@counter                    cstackCOMRAM 000F
lcd_8bit_send_command@lcd                        cstackCOMRAM 000B
lcd_8bit_send_command@ret                        cstackCOMRAM 0010
lcd_8bit_send_enable_signal@lcd                  cstackCOMRAM 0009
lcd_8bit_send_enable_signal@ret                  cstackCOMRAM 000A
lcd_8bit_send_string@lcd                         cstackCOMRAM 0011
lcd_8bit_send_string@ret                         cstackCOMRAM 0013
lcd_8bit_send_string@str                         cstackCOMRAM 0012
lcd_8bit_send_string_pos@col                     cstackCOMRAM 0017
lcd_8bit_send_string_pos@lcd                     cstackCOMRAM 0015
lcd_8bit_send_string_pos@ret                     cstackCOMRAM 0019
lcd_8bit_send_string_pos@row                     cstackCOMRAM 0016
lcd_8bit_send_string_pos@str                     cstackCOMRAM 0018
lcd_8bit_set_cursor@col                          cstackCOMRAM 0013
lcd_8bit_set_cursor@lcd                          cstackCOMRAM 0011
lcd_8bit_set_cursor@ret                          cstackCOMRAM 0014
lcd_8bit_set_cursor@row                          cstackCOMRAM 0012
lcd_send_4bits@counter                           cstackCOMRAM 000E
lcd_send_4bits@data_command                      cstackCOMRAM 000A
lcd_send_4bits@lcd                               cstackCOMRAM 0009
lcd_send_4bits@ret                               cstackCOMRAM 000D
led_intitialize@F3160                            bssCOMRAM    004A
led_toggle@F3175                                 bssCOMRAM    0047
led_turn_off@F3170                               bssCOMRAM    0048
led_turn_on@F3165                                bssCOMRAM    0049
main@ret                                         cstackCOMRAM 0034
memset@c                                         cstackCOMRAM 0002
memset@dest                                      cstackCOMRAM 0001
memset@n                                         cstackCOMRAM 0004
memset@p                                         cstackCOMRAM 0006
relay_initialize@F3150                           bssCOMRAM    0046
relay_turn_off@F3160                             bssCOMRAM    0044
relay_turn_on@F3155                              bssCOMRAM    0045
sprintf@ap                                       cstackCOMRAM 0022
sprintf@f                                        cstackCOMRAM 0023
sprintf@fmt                                      cstackCOMRAM 001D
sprintf@ret                                      cstackCOMRAM 0020
sprintf@s                                        cstackCOMRAM 001C
stackhi                                          (abs)        0000
stacklo                                          (abs)        0000
start                                            init         0000
start_initialization                             cinit        1D10
turn_on_leds@_POS                                bssCOMRAM    004B
vfpfcnvrt@ap                                     cstackCOMRAM 000D
vfpfcnvrt@c                                      cstackCOMRAM 0017
vfpfcnvrt@cnt                                    cstackCOMRAM 0010
vfpfcnvrt@convarg                                cstackCOMRAM 0013
vfpfcnvrt@cp                                     cstackCOMRAM 0012
vfpfcnvrt@done                                   cstackCOMRAM 000F
vfpfcnvrt@fmt                                    cstackCOMRAM 000C
vfpfcnvrt@fp                                     cstackCOMRAM 000B
vfprintf@ap                                      cstackCOMRAM 001A
vfprintf@cfmt                                    cstackCOMRAM 001B
vfprintf@fmt                                     cstackCOMRAM 0019
vfprintf@fp                                      cstackCOMRAM 0018


MODULE INFORMATION

Module		Function		Class		Link	Load	Size
D:\Programming\Microchip\xc8\v2.46\pic\sources\c99\common\abs.c
		_abs           		CODE           	1FD4	0000	52

D:\Programming\Microchip\xc8\v2.46\pic\sources\c99\common\abs.c estimated size: 52

D:\Programming\Microchip\xc8\v2.46\pic\sources\c99\common\awmod.c
		___awmod       		CODE           	17C4	0000	176

D:\Programming\Microchip\xc8\v2.46\pic\sources\c99\common\awmod.c estimated size: 176

D:\Programming\Microchip\xc8\v2.46\pic\sources\c99\common\putch.c
		_putch         		CODE           	207C	0000	2

D:\Programming\Microchip\xc8\v2.46\pic\sources\c99\common\putch.c estimated size: 2

ECU_Layer/Char_LCD/ecu_char_lcd.c
		_convert_short_to_string		CODE           	1D6E	0000	94
		_lcd_8bit_set_cursor		CODE           	19D0	0000	172
		_lcd_8bit_send_enable_signal		CODE           	1F94	0000	64
		_lcd_4bit_send_command		CODE           	1B26	0000	160
		_lcd_send_4bits		CODE           	1BC6	0000	118
		_lcd_4bit_send_enable_signal		CODE           	1E78	0000	80
		_lcd_8bit_initialize		CODE           	14B6	0000	312
		_lcd_8bit_send_string		CODE           	1CB0	0000	96
		_lcd_8bit_send_command		CODE           	1922	0000	174
		_lcd_8bit_send_string_pos		CODE           	1DCC	0000	92
		_lcd_4bit_initialize		CODE           	136A	0000	332
		_lcd_8bit_send_char_data		CODE           	1874	0000	174

ECU_Layer/Char_LCD/ecu_char_lcd.c estimated size: 1868

D:\Programming\Microchip\xc8\v2.46\pic\sources\c99\common\nf_sprintf.c
		_sprintf       		CODE           	1F0E	0000	68

D:\Programming\Microchip\xc8\v2.46\pic\sources\c99\common\nf_sprintf.c estimated size: 68

D:\Programming\Microchip\xc8\v2.46\pic\sources\c99\common\memset.c
		_memset        		CODE           	2008	0000	48

D:\Programming\Microchip\xc8\v2.46\pic\sources\c99\common\memset.c estimated size: 48

D:\Programming\Microchip\xc8\v2.46\pic\sources\c99\common\awdiv.c
		___awdiv       		CODE           	1700	0000	196

D:\Programming\Microchip\xc8\v2.46\pic\sources\c99\common\awdiv.c estimated size: 196

shared
		_btn_values    		SMALLCONST     	1001	0000	16
		__initialization		CODE           	1D10	0000	88

shared estimated size: 104

app.c
		_main          		CODE           	1C3C	0000	116
		_application_init		CODE           	2072	0000	10

app.c estimated size: 126

MCAL_Layer/GPIO/hal_gpio.c
		_gpio_pin_write_logic		CODE           	1204	0000	358
		_gpio_pin_direction_initialize		CODE           	15EE	0000	274
		_gpio_pin_initialize		CODE           	1EC8	0000	70

MCAL_Layer/GPIO/hal_gpio.c estimated size: 702

D:\Programming\Microchip\xc8\v2.46\pic\sources\c99\common\nf_fputc.c
		_fputc         		CODE           	1A7C	0000	170

D:\Programming\Microchip\xc8\v2.46\pic\sources\c99\common\nf_fputc.c estimated size: 170

ECU_Layer/ecu_layer_init.c
		_ecu_layer_initialize		CODE           	2038	0000	40

ECU_Layer/ecu_layer_init.c estimated size: 40

D:\Programming\Microchip\xc8\v2.46\pic\sources\c99\common\doprnt.c
		_vfpfcnvrt     		CODE           	1016	0000	494
		_vfprintf      		CODE           	1E28	0000	80

D:\Programming\Microchip\xc8\v2.46\pic\sources\c99\common\doprnt.c estimated size: 574

